\BOOKMARK [0][]{chapter.1}{\376\377\0001\000\040\000M\000a\000n\000i\000f\000o\000l\000d\000s}{}% 1
\BOOKMARK [1][]{section.1.1}{\376\377\0001\000.\0001\000\040\000P\000r\000e\000l\000i\000m\000i\000n\000a\000r\000i\000e\000s}{chapter.1}% 2
\BOOKMARK [1][]{section.1.2}{\376\377\0001\000.\0002\000\040\000D\000i\000f\000f\000e\000r\000e\000n\000t\000i\000a\000b\000l\000e\000\040\000M\000a\000n\000i\000f\000o\000l\000d\000s}{chapter.1}% 3
\BOOKMARK [1][]{section.1.3}{\376\377\0001\000.\0003\000\040\000T\000h\000e\000\040\000S\000e\000c\000o\000n\000d\000\040\000A\000x\000i\000o\000m\000\040\000o\000f\000\040\000C\000o\000u\000n\000t\000a\000b\000i\000l\000i\000t\000y}{chapter.1}% 4
\BOOKMARK [1][]{section.1.4}{\376\377\0001\000.\0004\000\040\000T\000a\000n\000g\000e\000n\000t\000\040\000V\000e\000c\000t\000o\000r\000s\000\040\000a\000n\000d\000\040\000D\000i\000f\000f\000e\000r\000e\000n\000t\000i\000a\000l\000s}{chapter.1}% 5
\BOOKMARK [1][]{section.1.5}{\376\377\0001\000.\0005\000\040\000S\000u\000b\000m\000a\000n\000i\000f\000o\000l\000d\000s\000,\000\040\000D\000i\000f\000f\000e\000o\000m\000o\000r\000p\000h\000i\000s\000m\000s\000,\000\040\000a\000n\000d\000\040\000t\000h\000e\000\040\000I\000n\000v\000e\000r\000s\000e\000\040\000F\000u\000n\000c\000t\000i\000o\000n\000\040\000T\000h\000e\000o\000r\000e\000m}{chapter.1}% 6
\BOOKMARK [1][]{section.1.6}{\376\377\0001\000.\0006\000\040\000I\000m\000p\000l\000i\000c\000i\000t\000\040\000F\000u\000n\000c\000t\000i\000o\000n\000\040\000T\000h\000e\000o\000r\000e\000m\000s}{chapter.1}% 7
\BOOKMARK [1][]{section.1.7}{\376\377\0001\000.\0007\000\040\000V\000e\000c\000t\000o\000r\000\040\000F\000i\000e\000l\000d\000s}{chapter.1}% 8
\BOOKMARK [1][]{section.1.8}{\376\377\0001\000.\0008\000\040\000D\000i\000s\000t\000r\000i\000b\000u\000t\000i\000o\000n\000s\000\040\000a\000n\000d\000\040\000t\000h\000e\000\040\000F\000r\000o\000b\000e\000n\000i\000u\000s\000\040\000T\000h\000e\000o\000r\000e\000m}{chapter.1}% 9
\BOOKMARK [1][]{section.1.9}{\376\377\0001\000.\0009\000\040\000E\000x\000e\000r\000c\000i\000s\000e\000s}{chapter.1}% 10
\BOOKMARK [0][]{chapter.2}{\376\377\0002\000\040\000T\000e\000n\000s\000o\000r\000s\000\040\000a\000n\000d\000\040\000D\000i\000f\000f\000e\000r\000e\000n\000t\000i\000a\000l\000\040\000F\000o\000r\000m\000s}{}% 11
\BOOKMARK [1][]{section.2.1}{\376\377\0002\000.\0001\000\040\000T\000e\000n\000s\000o\000r\000\040\000a\000n\000d\000\040\000E\000x\000t\000e\000r\000i\000o\000r\000\040\000A\000l\000g\000e\000b\000r\000a\000s}{chapter.2}% 12
\BOOKMARK [1][]{section.2.2}{\376\377\0002\000.\0002\000\040\000T\000e\000n\000s\000o\000r\000\040\000F\000i\000e\000l\000d\000s\000\040\000a\000n\000d\000\040\000D\000i\000f\000f\000e\000r\000e\000n\000t\000i\000a\000l\000\040\000F\000o\000r\000m\000s}{chapter.2}% 13
\BOOKMARK [1][]{section.2.3}{\376\377\0002\000.\0003\000\040\000T\000h\000e\000\040\000L\000i\000e\000\040\000D\000e\000r\000i\000v\000a\000t\000i\000v\000e}{chapter.2}% 14
\BOOKMARK [1][]{section.2.4}{\376\377\0002\000.\0004\000\040\000D\000i\000f\000f\000e\000r\000e\000n\000t\000i\000a\000l\000\040\000I\000d\000e\000a\000l\000s}{chapter.2}% 15
\BOOKMARK [1][]{section.2.5}{\376\377\0002\000.\0005\000\040\000E\000x\000e\000r\000c\000i\000s\000e\000s}{chapter.2}% 16
\BOOKMARK [0][]{chapter.3}{\376\377\0003\000\040\000L\000i\000e\000\040\000G\000r\000o\000u\000p\000s}{}% 17
\BOOKMARK [1][]{section.3.1}{\376\377\0003\000.\0001\000\040\000L\000i\000e\000\040\000G\000r\000o\000u\000p\000s\000\040\000a\000n\000d\000\040\000T\000h\000e\000i\000r\000\040\000L\000i\000e\000\040\000A\000l\000g\000e\000b\000r\000a\000s}{chapter.3}% 18
\BOOKMARK [1][]{section.3.2}{\376\377\0003\000.\0002\000\040\000H\000o\000m\000o\000m\000o\000r\000p\000h\000i\000s\000m\000s}{chapter.3}% 19
\BOOKMARK [1][]{section.3.3}{\376\377\0003\000.\0003\000\040\000L\000i\000e\000\040\000S\000u\000b\000g\000r\000o\000u\000p\000s}{chapter.3}% 20
\BOOKMARK [1][]{section.3.4}{\376\377\0003\000.\0004\000\040\000C\000o\000v\000e\000r\000i\000n\000g\000s}{chapter.3}% 21
\BOOKMARK [1][]{section.3.5}{\376\377\0003\000.\0005\000\040\000S\000i\000m\000p\000l\000y\000\040\000C\000o\000n\000n\000e\000c\000t\000e\000d\000\040\000L\000i\000e\000\040\000G\000r\000o\000u\000p\000s}{chapter.3}% 22
\BOOKMARK [1][]{section.3.6}{\376\377\0003\000.\0006\000\040\000E\000x\000p\000o\000n\000e\000n\000t\000i\000a\000l\000\040\000M\000a\000p}{chapter.3}% 23
\BOOKMARK [1][]{section.3.7}{\376\377\0003\000.\0007\000\040\000C\000o\000n\000t\000i\000n\000u\000o\000u\000s\000\040\000H\000o\000m\000o\000m\000o\000r\000p\000h\000i\000s\000m\000s}{chapter.3}% 24
\BOOKMARK [1][]{section.3.8}{\376\377\0003\000.\0008\000\040\000C\000l\000o\000s\000e\000d\000\040\000S\000u\000b\000g\000r\000o\000u\000p\000s}{chapter.3}% 25
\BOOKMARK [1][]{section.3.9}{\376\377\0003\000.\0009\000\040\000T\000h\000e\000\040\000A\000d\000j\000o\000i\000n\000t\000\040\000R\000e\000p\000r\000e\000s\000e\000n\000t\000a\000t\000i\000o\000n}{chapter.3}% 26
\BOOKMARK [1][]{section.3.10}{\376\377\0003\000.\0001\0000\000\040\000A\000u\000t\000o\000m\000o\000r\000p\000h\000i\000s\000m\000s\000\040\000a\000n\000d\000\040\000D\000e\000r\000i\000v\000a\000t\000i\000o\000n\000s\000\040\000o\000f\000\040\000B\000i\000l\000i\000n\000e\000a\000r\000\040\000O\000p\000e\000r\000a\000t\000i\000o\000n\000s\000\040\000a\000n\000d\000\040\000F\000o\000r\000m\000s}{chapter.3}% 27
\BOOKMARK [1][]{section.3.11}{\376\377\0003\000.\0001\0001\000\040\000H\000o\000m\000o\000g\000e\000n\000e\000o\000u\000s\000\040\000M\000a\000n\000i\000f\000o\000l\000d\000s}{chapter.3}% 28
\BOOKMARK [1][]{section.3.12}{\376\377\0003\000.\0001\0002\000\040\000E\000x\000e\000r\000c\000i\000s\000e\000s}{chapter.3}% 29
\BOOKMARK [0][]{chapter.4}{\376\377\0004\000\040\000I\000n\000t\000e\000g\000r\000a\000t\000i\000o\000n\000\040\000o\000n\000\040\000M\000a\000n\000i\000f\000o\000l\000d\000s}{}% 30
\BOOKMARK [1][]{section.4.1}{\376\377\0004\000.\0001\000\040\000O\000r\000i\000e\000n\000t\000a\000t\000i\000o\000n}{chapter.4}% 31
\BOOKMARK [1][]{section.4.2}{\376\377\0004\000.\0002\000\040\000I\000n\000t\000e\000g\000r\000a\000t\000i\000o\000n\000\040\000o\000n\000\040\000M\000a\000n\000i\000f\000o\000l\000d\000s}{chapter.4}% 32
\BOOKMARK [1][]{section.4.3}{\376\377\0004\000.\0003\000\040\000D\000e\000\040\000R\000h\000a\000m\000\040\000C\000o\000h\000o\000m\000o\000l\000o\000g\000y}{chapter.4}% 33
\BOOKMARK [1][]{section.4.4}{\376\377\0004\000.\0004\000\040\000E\000x\000e\000r\000c\000i\000s\000e\000s}{chapter.4}% 34
\BOOKMARK [0][]{chapter.5}{\376\377\0005\000\040\000S\000h\000e\000a\000v\000e\000s\000,\000\040\000C\000o\000h\000o\000m\000o\000l\000o\000g\000y\000,\000\040\000a\000n\000d\000\040\000t\000h\000e\000\040\000d\000e\000\040\000R\000h\000a\000m\000\040\000T\000h\000e\000o\000r\000e\000m}{}% 35
\BOOKMARK [1][]{section.5.1}{\376\377\0005\000.\0001\000\040\000S\000h\000e\000a\000v\000e\000s\000\040\000a\000n\000d\000\040\000P\000r\000e\000s\000h\000e\000a\000v\000e\000s}{chapter.5}% 36
\BOOKMARK [1][]{section.5.2}{\376\377\0005\000.\0002\000\040\000C\000o\000c\000h\000a\000i\000n\000\040\000C\000o\000m\000p\000l\000e\000x\000e\000s}{chapter.5}% 37
\BOOKMARK [1][]{section.5.3}{\376\377\0005\000.\0003\000\040\000A\000x\000i\000o\000m\000a\000t\000i\000c\000\040\000S\000h\000e\000a\000f\000\040\000C\000o\000h\000o\000m\000o\000l\000o\000g\000y}{chapter.5}% 38
\BOOKMARK [1][]{section.5.4}{\376\377\0005\000.\0004\000\040\000T\000h\000e\000\040\000C\000l\000a\000s\000s\000i\000c\000a\000l\000\040\000C\000o\000h\000o\000m\000o\000l\000o\000g\000y\000\040\000T\000h\000e\000o\000r\000i\000e\000s}{chapter.5}% 39
\BOOKMARK [1][]{section.5.5}{\376\377\0005\000.\0005\000\040\000A\000l\000e\000x\000a\000n\000d\000e\000r\000-\000S\000p\000a\000n\000i\000e\000r\000\040\000C\000o\000h\000o\000m\000o\000l\000o\000g\000y}{chapter.5}% 40
\BOOKMARK [1][]{section.5.6}{\376\377\0005\000.\0006\000\040\000d\000e\000\040\000R\000h\000a\000m\000\040\000C\000o\000h\000o\000m\000o\000l\000o\000g\000y}{chapter.5}% 41
\BOOKMARK [1][]{section.5.7}{\376\377\0005\000.\0007\000\040\000S\000i\000n\000g\000u\000l\000a\000r\000\040\000C\000o\000h\000o\000m\000o\000l\000o\000g\000y}{chapter.5}% 42
\BOOKMARK [1][]{section.5.8}{\376\377\0005\000.\0008\000\040\001\014\000e\000c\000h\000\040\000C\000o\000h\000o\000m\000o\000l\000o\000g\000y}{chapter.5}% 43
\BOOKMARK [1][]{section.5.9}{\376\377\0005\000.\0009\000\040\000T\000h\000e\000\040\000D\000e\000\040\000R\000h\000a\000m\000\040\000T\000h\000e\000o\000r\000e\000m}{chapter.5}% 44
\BOOKMARK [1][]{section.5.10}{\376\377\0005\000.\0001\0000\000\040\000M\000u\000l\000t\000i\000p\000l\000i\000c\000a\000t\000i\000v\000e\000\040\000S\000t\000r\000u\000c\000t\000u\000r\000e}{chapter.5}% 45
\BOOKMARK [1][]{section.5.11}{\376\377\0005\000.\0001\0001\000\040\000S\000u\000p\000p\000o\000r\000t\000s}{chapter.5}% 46
\BOOKMARK [1][]{section.5.12}{\376\377\0005\000.\0001\0002\000\040\000E\000x\000e\000r\000c\000i\000s\000e\000s}{chapter.5}% 47
\BOOKMARK [0][]{chapter.6}{\376\377\0006\000\040\000T\000h\000e\000\040\000H\000o\000d\000g\000e\000\040\000T\000h\000e\000o\000r\000e\000m}{}% 48
\BOOKMARK [1][]{section.6.1}{\376\377\0006\000.\0001\000\040\000T\000h\000e\000\040\000L\000a\000p\000l\000a\000c\000e\000-\000B\000e\000l\000t\000r\000a\000m\000i\000\040\000O\000p\000e\000r\000a\000t\000o\000r}{chapter.6}% 49
\BOOKMARK [1][]{section.6.2}{\376\377\0006\000.\0002\000\040\000T\000h\000e\000\040\000H\000o\000d\000g\000e\000\040\000T\000h\000e\000o\000r\000e\000m}{chapter.6}% 50
\BOOKMARK [1][]{section.6.3}{\376\377\0006\000.\0003\000\040\000S\000o\000m\000e\000\040\000C\000a\000l\000c\000u\000l\000u\000s}{chapter.6}% 51
\BOOKMARK [1][]{section.6.4}{\376\377\0006\000.\0004\000\040\000E\000l\000l\000i\000p\000t\000i\000c\000\040\000O\000p\000e\000r\000a\000t\000o\000r\000s}{chapter.6}% 52
\BOOKMARK [1][]{section.6.5}{\376\377\0006\000.\0005\000\040\000R\000e\000d\000u\000c\000t\000i\000o\000n\000\040\000t\000o\000\040\000t\000h\000e\000\040\000P\000e\000r\000i\000o\000d\000i\000c\000\040\000C\000a\000s\000e}{chapter.6}% 53
\BOOKMARK [1][]{section.6.6}{\376\377\0006\000.\0006\000\040\000E\000l\000l\000i\000p\000t\000i\000c\000i\000t\000y\000\040\000o\000f\000\040\000t\000h\000e\000\040\000L\000a\000p\000l\000a\000c\000e\000-\000B\000e\000l\000t\000r\000a\000m\000i\000\040\000O\000p\000e\000r\000a\000t\000o\000r}{chapter.6}% 54
\BOOKMARK [1][]{section.6.7}{\376\377\0006\000.\0007\000\040\000E\000x\000e\000r\000c\000i\000s\000e\000s}{chapter.6}% 55
\BOOKMARK [0][]{appendix.A}{\376\377\000A\000\040\000E\000l\000e\000m\000e\000n\000t\000s\000\040\000o\000f\000\040\000P\000o\000i\000n\000t\000-\000S\000e\000t\000\040\000T\000o\000p\000o\000l\000o\000g\000y}{}% 56
\BOOKMARK [1][]{appendix.A.1}{\376\377\000A\000.\0001\000\040\000T\000o\000p\000o\000l\000o\000g\000i\000c\000a\000l\000\040\000S\000p\000a\000c\000e\000s\000\040\000a\000n\000d\000\040\000C\000o\000n\000t\000i\000n\000u\000o\000u\000s\000\040\000M\000a\000p\000s}{appendix.A}% 57
\BOOKMARK [1][]{appendix.A.2}{\376\377\000A\000.\0002\000\040\000S\000u\000b\000s\000p\000a\000c\000e\000\040\000T\000o\000p\000o\000l\000o\000g\000y}{appendix.A}% 58
\BOOKMARK [1][]{appendix.A.3}{\376\377\000A\000.\0003\000\040\000B\000a\000s\000e\000s}{appendix.A}% 59
\BOOKMARK [1][]{appendix.A.4}{\376\377\000A\000.\0004\000\040\000S\000e\000p\000a\000r\000a\000t\000i\000o\000n\000\040\000A\000x\000i\000o\000m\000s}{appendix.A}% 60
\BOOKMARK [1][]{appendix.A.5}{\376\377\000A\000.\0005\000\040\000P\000r\000o\000d\000u\000c\000t\000\040\000T\000o\000p\000o\000l\000o\000g\000y}{appendix.A}% 61
\BOOKMARK [1][]{appendix.A.6}{\376\377\000A\000.\0006\000\040\000C\000o\000m\000p\000a\000c\000t\000n\000e\000s\000s}{appendix.A}% 62
\BOOKMARK [1][]{appendix.A.7}{\376\377\000A\000.\0007\000\040\000C\000o\000n\000n\000e\000c\000t\000e\000d\000n\000e\000s\000s}{appendix.A}% 63
\BOOKMARK [1][]{appendix.A.8}{\376\377\000A\000.\0008\000\040\000C\000l\000o\000s\000u\000r\000e}{appendix.A}% 64
\BOOKMARK [1][]{appendix.A.9}{\376\377\000A\000.\0009\000\040\000C\000o\000n\000v\000e\000r\000g\000e\000n\000c\000e}{appendix.A}% 65
\BOOKMARK [1][]{appendix.A.10}{\376\377\000A\000.\0001\0000\000\040\000T\000h\000e\000\040\000Q\000u\000o\000t\000i\000e\000n\000t\000\040\000T\000o\000p\000o\000l\000o\000g\000y}{appendix.A}% 66
\BOOKMARK [0][]{appendix.B}{\376\377\000B\000\040\000T\000h\000e\000\040\000I\000n\000v\000e\000r\000s\000e\000\040\000F\000u\000n\000c\000t\000i\000o\000n\000\040\000T\000h\000e\000o\000r\000e\000m\000\040\000i\000n\000\040\000R\000n\000\040\000a\000n\000d\000\040\000R\000e\000l\000a\000t\000e\000d\000\040\000R\000e\000s\000u\000l\000t\000s}{}% 67
\BOOKMARK [1][]{appendix.B.1}{\376\377\000B\000.\0001\000\040\000T\000h\000e\000\040\000I\000n\000v\000e\000r\000s\000e\000\040\000F\000u\000n\000c\000t\000i\000o\000n\000\040\000T\000h\000e\000o\000r\000e\000m}{appendix.B}% 68
\BOOKMARK [1][]{appendix.B.2}{\376\377\000B\000.\0002\000\040\000T\000h\000e\000\040\000I\000m\000p\000l\000i\000c\000i\000t\000\040\000F\000u\000n\000c\000t\000i\000o\000n\000\040\000T\000h\000e\000o\000r\000e\000m}{appendix.B}% 69
\BOOKMARK [1][]{appendix.B.3}{\376\377\000B\000.\0003\000\040\000S\000u\000p\000p\000l\000e\000m\000e\000n\000t\000a\000r\000y\000\040\000L\000i\000n\000e\000a\000r\000\040\000A\000l\000g\000e\000b\000r\000a}{appendix.B}% 70
\BOOKMARK [1][]{appendix.B.4}{\376\377\000B\000.\0004\000\040\000D\000u\000a\000l\000\040\000S\000p\000a\000c\000e\000s}{appendix.B}% 71
\BOOKMARK [0][]{appendix*.12}{\376\377\000B\000i\000b\000l\000i\000o\000g\000r\000a\000p\000h\000y}{}% 72
\BOOKMARK [0][]{appendix*.14}{\376\377\000I\000n\000d\000e\000x\000\040\000o\000f\000\040\000N\000o\000t\000a\000t\000i\000o\000n}{}% 73
\BOOKMARK [0][]{section*.15}{\376\377\000I\000n\000d\000e\000x}{}% 74
